// Jest Snapshot v1, https://goo.gl/fbAQLP

exports[`Render Avatar component. 1`] = `null`;
