// Jest Snapshot v1, https://goo.gl/fbAQLP

exports[`Render ProfileDevIcons component. 1`] = `
Array [
  <div
    className="flex justify-center align-center"
  >
    <p
      className="serif fw3 lh-copy center pv3 tc w-75"
      style={
        Object {
          "fontSize": "1.3rem",
        }
      }
    >
      Tackling novel problems —
      <span
        style={
          Object {
            "whiteSpace": "nowrap",
          }
        }
      >
         at every level of the stack 
      </span>
      — 
      <span
        style={
          Object {
            "whiteSpace": "nowrap",
          }
        }
      >
        is my jam.
      </span>
      <br />
      Here are some of the technologies I've enjoyed hacking on lately:
    </p>
  </div>,
  <div
    className="ProfileDevIcons__DevIconsSection-gZyCJK center code w-90 cFjGxe"
  >
    <div
      className="ProfileDevIcons__DevIconLabel-dFHCnQ moon-gray flex items-center justify-start hJYBwG"
    >
      infra
    </div>
    <div
      className="bb-ns b--white-50 DevIconColumn__DevIconContainer-kCjOSG pa3 pa4-l flex justify-center items-center dAXxdM"
      style={undefined}
    >
      <svg
        className="hvr-grow"
        height="75%"
        viewBox="0 0 184 128"
        width="75%"
      >
        <path
          d="M105.006 58.635h18.779V41.39h-19.162l.383 17.245zm-22.611 0h18.779V41.39H82.395v17.245zm-22.611 0h19.162V41.39H59.784v17.245zm-22.61 0h19.162V41.39H37.174v17.245zm-22.611 0h19.162V41.39H14.946l-.383 17.245zM37.174 37.94h19.162V20.695H37.174V37.94zm22.61 0h19.162V20.695H59.784V37.94zm22.611 0h18.779V20.695H82.395V37.94zm0-20.695h18.779V0H82.395v17.245zm98.491 31.426c-4.216-2.683-13.796-3.832-21.078-2.299-1.15-6.898-4.982-13.03-11.88-18.395l-3.832-2.683-2.683 4.216c-3.449 4.982-5.365 12.264-4.599 19.162.383 2.299 1.15 6.515 3.449 10.347-2.299 1.533-7.281 3.066-13.796 3.066H1.15l-.383 1.533c-1.15 6.898-1.15 28.743 12.647 45.221 10.73 12.647 26.826 19.162 47.521 19.162 45.221 0 78.563-20.695 94.275-58.635 6.132 0 19.545 0 26.06-13.03l1.916-3.449.767-1.533-3.066-2.683z"
          fill="#0DB7ED"
        />
      </svg>
    </div>
    <div
      className="bb-ns b--white-50 DevIconColumn__DevIconContainer-kCjOSG pa3 pa4-l flex justify-center items-center dAXxdM"
      style={undefined}
    >
      <svg
        className="hvr-grow"
        height="75%"
        viewBox="0 0 132 128"
        width="75%"
      >
        <path
          d="M65.46 1.835a8.549 8.549 0 0 0-3.315.848l.05-.022L17.64 23.95c-2.312 1.122-4.009 3.187-4.598 5.675l-.011.057-10.992 47.82a8.18 8.18 0 0 0-.214 1.882c0 1.709.511 3.299 1.391 4.629l-.02-.032c.169.26.328.479.498.69l-.013-.017 30.839 38.344a8.541 8.541 0 0 0 6.66 3.18h.002l49.456-.011h.006a8.53 8.53 0 0 0 6.642-3.157l.013-.016 30.828-38.35a8.354 8.354 0 0 0 1.86-5.27c0-.667-.078-1.316-.225-1.938l.011.057-11.009-47.82a8.499 8.499 0 0 0-4.56-5.71l-.05-.022L69.593 2.663a8.46 8.46 0 0 0-4.152-.825l.021-.001z"
          fill="#326ce5"
        />
        <path
          d="M65.901 18.109c-1.473 0-2.667 1.327-2.667 2.963 0 .025.005.049.005.074-.002.223-.013.49-.005.684.035.944.241 1.666.365 2.536.224 1.861.412 3.404.296 4.838-.113.541-.511 1.035-.866 1.379l-.063 1.128a34.798 34.798 0 0 0-5.055.787l.234-.046a34.303 34.303 0 0 0-17.425 9.955 38.205 38.205 0 0 1-1.086-.77l.123.087c-.476.064-.957.211-1.584-.154-1.194-.803-2.28-1.912-3.596-3.248-.603-.639-1.039-1.247-1.755-1.863-.163-.14-.411-.329-.593-.473a3.176 3.176 0 0 0-1.858-.701c-.82-.028-1.609.292-2.125.94-.918 1.151-.624 2.912.655 3.932.013.01.027.018.04.029.176.142.391.325.553.444.76.561 1.454.848 2.211 1.294 1.595.985 2.917 1.802 3.966 2.786.41.437.481 1.206.536 1.539l.855.764c-4.576 6.886-6.693 15.392-5.442 24.058l-1.117.325c-.294.38-.71.978-1.145 1.157-1.372.432-2.916.591-4.781.786-.875.073-1.631.029-2.559.205-.204.039-.489.113-.712.165l-.023.006c-.012.003-.028.009-.04.011-1.572.38-2.581 1.825-2.256 3.248s1.86 2.29 3.442 1.949c.012-.002.028-.003.04-.006.018-.004.034-.013.051-.017.221-.048.497-.102.69-.154.912-.244 1.573-.603 2.393-.918 1.764-.633 3.226-1.162 4.65-1.368.595-.046 1.221.367 1.533.541l1.162-.2c2.675 8.294 8.281 14.997 15.38 19.203l-.484 1.162c.175.451.367 1.062.237 1.508-.517 1.342-1.404 2.759-2.414 4.338-.489.73-.989 1.296-1.43 2.131-.106.2-.24.507-.342.718-.685 1.467-.183 3.156 1.134 3.79 1.325.638 2.969-.035 3.681-1.504l.006-.006v-.005c.101-.208.245-.482.331-.678.378-.866.504-1.607.769-2.445.706-1.772 1.093-3.632 2.065-4.791.266-.317.7-.439 1.149-.56l.604-1.094a34.46 34.46 0 0 0 20.035 1.442 34.095 34.095 0 0 0 4.812-1.46l-.236.08c.17.301.485.88.57 1.026.457.149.956.225 1.362.826.727 1.242 1.224 2.711 1.829 4.485.266.837.397 1.579.775 2.445.086.197.229.475.33.684.71 1.474 2.36 2.149 3.687 1.51 1.316-.634 1.82-2.323 1.134-3.79-.102-.211-.242-.518-.347-.718-.441-.835-.942-1.396-1.43-2.125-1.01-1.579-1.847-2.892-2.365-4.234-.216-.692.037-1.123.205-1.573-.101-.116-.317-.769-.444-1.077 7.377-4.356 12.819-11.309 15.374-19.34.345.054.945.16 1.14.2.401-.264.77-.61 1.493-.553 1.424.206 2.885.735 4.65 1.368.82.314 1.481.679 2.393.923.193.052.469.1.689.148.018.004.033.013.051.017.012.003.028.003.04.006 1.581.34 3.117-.525 3.442-1.949s-.684-2.869-2.257-3.248c-.229-.052-.553-.14-.775-.182-.928-.176-1.683-.133-2.558-.205-1.865-.195-3.409-.354-4.781-.787-.559-.217-.957-.883-1.151-1.157l-1.077-.313c.558-4.04.408-8.244-.558-12.451a34.504 34.504 0 0 0-4.998-11.55c.276-.251.798-.713.946-.849.043-.478.006-.98.501-1.51 1.049-.985 2.371-1.801 3.966-2.786.757-.446 1.457-.733 2.217-1.294.172-.127.407-.328.587-.473 1.279-1.02 1.574-2.78.655-3.932s-2.698-1.26-3.978-.239c-.182.144-.429.332-.593.473-.716.616-1.158 1.224-1.761 1.863-1.315 1.336-2.402 2.45-3.596 3.254-.517.301-1.275.197-1.618.176l-1.014.724c-5.784-6.065-13.659-9.942-22.138-10.696a63.232 63.232 0 0 1-.063-1.191c-.347-.332-.767-.616-.872-1.333-.116-1.434.078-2.977.302-4.838.124-.87.329-1.592.365-2.536.008-.215-.005-.526-.006-.758 0-1.636-1.194-2.963-2.667-2.963zm-3.339 20.685l-.792 13.989-.057.029a2.35 2.35 0 0 1-3.733 1.801l-.023.011-11.471-8.132a27.477 27.477 0 0 1 13.231-7.208 25.154 25.154 0 0 1 2.707-.476l.137-.014zm6.684 0a27.7 27.7 0 0 1 15.978 7.704l-11.397 8.08-.04-.017a2.353 2.353 0 0 1-3.738-1.79v-.005l-.011-.005zM42.327 51.718l10.474 9.368-.011.057a2.347 2.347 0 0 1-.907 4.036l-.017.004-.011.046-13.425 3.875a27.462 27.462 0 0 1 3.898-17.385zm47.074.005a27.827 27.827 0 0 1 3.436 8.394c.693 3.017.867 6.03.581 8.941l-13.494-3.886-.011-.057a2.351 2.351 0 0 1-.925-4.038l.003-.002-.006-.029 10.416-9.322zM63.753 61.809h4.291l2.667 3.334-.957 4.16-3.852 1.852-3.864-1.858-.957-4.16zm13.755 11.409a2.33 2.33 0 0 1 .541.04l.023-.029 13.887 2.348a27.503 27.503 0 0 1-11.117 13.967l-5.391-13.021.017-.023c-.495-1.151 0-2.5 1.14-3.049a2.37 2.37 0 0 1 .9-.234zm-23.323.056a2.354 2.354 0 0 1 2.126 3.276l.04.051-5.334 12.89a27.608 27.608 0 0 1-11.083-13.87l13.767-2.336.023.028c.154-.028.31-.042.462-.04zm11.631 5.648l.081-.001c.371 0 .721.087 1.032.241l-.014-.006c.467.225.827.579 1.054 1.003h.051l6.787 12.263c-.69.245-1.597.506-2.522.721l-.19.037a27.584 27.584 0 0 1-15.049-.775l6.769-12.24h.011a2.355 2.355 0 0 1 1.984-1.242h.004z"
          fill="#fff"
        />
      </svg>
    </div>
    <div
      className="bb-ns b--white-50 DevIconColumn__DevIconContainer-kCjOSG pa3 pa4-l flex justify-center items-center dAXxdM"
      style={undefined}
    >
      <svg
        className="hvr-grow"
        height="75%"
        viewBox="0 0 128 128"
        width="75%"
      >
        <g
          fill="none"
          fillRule="evenodd"
        >
          <path
            d="M128 64c0 49.085-53.502 79.929-96.072 55.387s-42.57-86.231 0-110.773S128 14.916 128 64.001V64z"
            fill="#000"
            fillRule="nonzero"
          />
          <path
            d="M105.016 96.794L70.551 13.85c-1.809-4.907-8.978-4.816-10.825 0l-37.828 90.979h12.94l14.975-37.511 44.688 36.102c5.472 5.163 13.251-.023 10.517-6.626h-.002z"
            fill="#FFF"
          />
          <path
            d="M65.211 28.754l22.406 55.301-33.844-26.66 11.438-28.642z"
            fill="#000"
          />
        </g>
      </svg>
    </div>
    <div
      className="bb b--white-50 bb-ns b--white-50 DevIconColumn__DevIconContainer-kCjOSG pa3 pa4-l flex justify-center items-center dAXxdM"
      style={undefined}
    >
      <svg
        className="hvr-grow"
        height="75%"
        viewBox="0 0 128 128"
        width="75%"
      >
        <path
          d="M122.5 23.9V12.82L95.91 28.3v9.34l-21.28 45.9-10.64 7.33v33.61l22.81-13.15 35.7-87.43zM63.99 66.94L48.04 29.71V19.19l-.11-.06-15.84 9.17v9.34l21.27 47.91 10.63-5.25V66.94z"
          fill="#1159cc"
        />
        <path
          d="M106.55 3.52l-26.6 15.57v10.62L63.99 66.94v12.45l-10.63 6.16-21.27-47.91v-9.36l15.96-9.19-26.6-15.57-15.95 9.3v11.42l35.9 87.2 22.59 13.04V91.72l10.64-6.17-.13-.08 21.41-47.83v-9.36l26.59-15.46-15.95-9.3z"
          fill="#127eff"
        />
      </svg>
    </div>
    <div
      className="bb b--white-50 bb-ns b--white-50 DevIconColumn__DevIconContainer-kCjOSG pa3 pa4-l flex justify-center items-center dAXxdM"
      style={undefined}
    >
      <svg
        className="hvr-grow"
        height="75%"
        viewBox="0 0 128 128"
        width="75%"
      >
        <path
          d="M21.312 116.3l43.673 11.699.051-96.716-43.673-11.699z"
          fill="#2895DB"
        />
        <path
          d="M93.632 13.312L43.943 0v17.613l28.749 7.706-.026 67.02 20.941 5.606c7.194 1.92 13.03-3.43 13.056-11.955l.026-53.709c-.026-8.55-5.862-17.024-13.056-18.97z"
          fill="#2CB0FC"
        />
      </svg>
    </div>
    <div
      className="bb b--white-50 DevIconColumn__DevIconContainer-kCjOSG pa3 pa4-l flex justify-center items-center dAXxdM"
      style={undefined}
    >
      <svg
        className="hvr-grow"
        height="75%"
        viewBox="0 0 179 202"
        width="75%"
      >
        <g
          fill="none"
          fillRule="evenodd"
        >
          <g
            fillRule="nonzero"
          >
            <path
              d="M61.86 35.583l55.2 31.878v63.756L61.86 99.34z"
              fill="#5C4EE5"
            />
            <path
              d="M123.113 67.46v63.757l55.226-31.878V35.583z"
              fill="#4040B2"
            />
            <path
              d="M.609 0v63.757l55.2 31.878V31.878zM61.86 170.06l55.2 31.88v-63.731l-55.2-31.879z"
              fill="#5C4EE5"
            />
          </g>
          <path
            d="M-12 0h202v202H-12z"
          />
        </g>
      </svg>
    </div>
    <div
      className="ProfileDevIcons__DevIconLabel-dFHCnQ moon-gray flex items-center justify-start hJYBwG"
    >
      backend
    </div>
    <div
      className="bb-ns b--white-50 DevIconColumn__DevIconContainer-kCjOSG pa3 pa4-l flex justify-center items-center dAXxdM"
      style={undefined}
    >
      <svg
        className="hvr-grow"
        height="75%"
        viewBox="0 0 128 128"
        width="75%"
      >
        <path
          d="M47.617 98.12s-4.767 2.774 3.397 3.71c9.892 1.13 14.947.968 25.845-1.092 0 0 2.871 1.795 6.873 3.351-24.439 10.47-55.308-.607-36.115-5.969zm-2.988-13.665s-5.348 3.959 2.823 4.805c10.567 1.091 18.91 1.18 33.354-1.6 0 0 1.993 2.025 5.132 3.131-29.542 8.64-62.446.68-41.309-6.336z"
          fill="#0074BD"
        />
        <path
          d="M69.802 61.271c6.025 6.935-1.58 13.17-1.58 13.17s15.289-7.891 8.269-17.777c-6.559-9.215-11.587-13.792 15.635-29.58 0 .001-42.731 10.67-22.324 34.187z"
          fill="#EA2D2E"
        />
        <path
          d="M102.123 108.229s3.529 2.91-3.888 5.159c-14.102 4.272-58.706 5.56-71.094.171-4.451-1.938 3.899-4.625 6.526-5.192 2.739-.593 4.303-.485 4.303-.485-4.953-3.487-32.013 6.85-13.743 9.815 49.821 8.076 90.817-3.637 77.896-9.468zM49.912 70.294s-22.686 5.389-8.033 7.348c6.188.828 18.518.638 30.011-.326 9.39-.789 18.813-2.474 18.813-2.474s-3.308 1.419-5.704 3.053c-23.042 6.061-67.544 3.238-54.731-2.958 10.832-5.239 19.644-4.643 19.644-4.643zm40.697 22.747c23.421-12.167 12.591-23.86 5.032-22.285-1.848.385-2.677.72-2.677.72s.688-1.079 2-1.543c14.953-5.255 26.451 15.503-4.823 23.725 0-.002.359-.327.468-.617z"
          fill="#0074BD"
        />
        <path
          d="M76.491 1.587S89.459 14.563 64.188 34.51c-20.266 16.006-4.621 25.13-.007 35.559-11.831-10.673-20.509-20.07-14.688-28.815C58.041 28.42 81.722 22.195 76.491 1.587z"
          fill="#EA2D2E"
        />
        <path
          d="M52.214 126.021c22.476 1.437 57-.8 57.817-11.436 0 0-1.571 4.032-18.577 7.231-19.186 3.612-42.854 3.191-56.887.874 0 .001 2.875 2.381 17.647 3.331z"
          fill="#0074BD"
        />
      </svg>
    </div>
    <div
      className="bb-ns b--white-50 DevIconColumn__DevIconContainer-kCjOSG pa3 pa4-l flex justify-center items-center dAXxdM"
      style={undefined}
    >
      <svg
        className="hvr-grow"
        height="75%"
        viewBox="0 0 183 128"
        width="75%"
      >
        <path
          d="M98.391 127.369c4.309-.631 9.234-1.892 11.695-3.152 2.463-1.262 4.309-3.153 4.309-4.414l-1.231-2.522c-1.231-1.891-2.463-4.413-5.54-11.349-1.231-3.153-4.017-11.412-4.925-15.133-.94-5.56-1.027-11.481 0-17.025.894-3.242 2.121-6.377 4.309-8.828 2.455-3.327 5.335-6.608 9.234-8.197 12.137-4.949 26.47-15.764 33.856-27.744 2.463-4.414 3.637-6.306 4.535-8.828 2.221-6.24 4.181-12.868 4.083-19.546V0H22.674l.001 1.261c-.1 16.523 9.435 31.415 20.93 42.246 6.156 5.675 13.542 10.088 22.16 13.241 3.077 1.261 4.309 1.892 6.771 4.413 3.078 3.784 5.54 8.197 6.771 13.242.746 7.287.188 14.989-1.847 22.069l-1.231 3.783c-.616 2.522-2.463 6.306-5.541 12.611s-3.077 6.936-3.077 7.566c1.231 3.784 8.618 6.306 19.699 7.567 2.462 0 6.155 0 11.08-.631zm-51.515-21.09c4.315-.633 8.014-1.9 9.246-3.801v-.633l-.616-1.9c-4.315-8.235-6.78-15.203-6.78-22.171 0-3.8.616-5.701 1.849-8.868 1.849-3.167 2.466-4.189 5.547-5.456 1.233-.648 2.704-.892 3.321-1.282 1.611-.489 3.46-1.497 3.46-1.497s-1.106-.244-2.353-.878c-3.698-1.267-5.043-2.289-8.125-4.189-9.863-5.701-16.027-11.402-22.191-19.636-1.849-3.167-2.807-4.567-3.699-5.843L25.919 29c-.617-.633-25.274-.633-25.89 0-.417 8.868 3.719 16.681 9.246 23.438 6.458 7.892 11.712 10.134 16.644 11.401 4.315 1.267 4.932 1.901 6.78 4.434 1.233 3.167 1.849 5.067 1.849 8.867.617 5.701-1.233 11.402-4.931 19.637l-2.466 5.067c0 .633 1.233 1.9 2.466 2.534 3.082 1.9 11.711 3.167 17.259 1.9h-.001zm100.13-.455c4.919-.63 7.994-1.889 8.608-3.779 0-.629 0-1.26-1.845-5.037-3.869-7.821-6.537-17.116-4.304-25.819 1.277-3.523 2.918-7.194 6.763-7.806 6.149-1.889 11.067-4.788 17.215-11.085 3.689-3.779 7.121-10.153 8.084-13.854.773-2.968 1.745-6.516 1.138-9.447-.614-.629-25.823-.629-26.438 0l-1.229 1.26c-.616 1.889-3.075 5.668-4.919 7.557-2.459 3.149-9.837 10.706-12.296 12.595-4.535 4.757-13.237 7.963-17.83 10.075.615.63 3.689 2.519 6.149 3.149 4.918 1.889 4.918 1.889 6.763 5.038 1.229 3.149 1.844 5.038 1.844 8.816.34 8.741-4.011 16.835-7.377 23.93 4.37 5.04 13.548 4.912 19.674 4.409h-.001z"
          fill="#7ab852"
        />
      </svg>
    </div>
    <div
      className="bb-ns b--white-50 DevIconColumn__DevIconContainer-kCjOSG pa3 pa4-l flex justify-center items-center dAXxdM"
      style={undefined}
    >
      <svg
        className="hvr-grow"
        height="75%"
        viewBox="0 0 98 128"
        width="75%"
      >
        <path
          d="M94.227 20.273c-3.046-6.227-10.409-.727-12.273-2.682C72.408 7.773 60.863 5.318 51.818 4.864h-5c-9.091.227-20.636 2.864-30.136 12.727-1.864 1.954-9.273-3.546-12.273 2.682-3.5 7.273 7.136 8 6.591 11.227-1.046 5.818-.364 14.455.454 22.955 1.273 14.409-9.5 48.909 12.909 62.773 4.227 2.636 15.636 4.091 25.546 4.318h.09c9.909-.227 19.954-1.682 24.182-4.318 22.454-13.864 11.682-48.364 13-62.773.773-8.5 1.454-17.136.454-22.954-.546-3.227 10.091-4 6.591-11.227z"
          fill="#8cc5e7"
        />
        <path
          d="M65.091 24.682c-15.182 1.773-13.136 17.591-7.273 22.727 10.909 9.546 22.273 0 21-9.636-1.136-9.273-9-13.636-13.727-13.091z"
          fill="#e0dedc"
        />
        <path
          d="M71.318 38.318a5.182 5.182 0 1 1-10.364 0 5.182 5.182 0 0 1 10.364 0z"
          fill="#111212"
        />
        <path
          d="M66.409 36.091a1.636 1.636 0 1 1-3.272 0 1.636 1.636 0 0 1 3.272 0z"
          fill="#fff"
        />
        <path
          d="M49.318 48.636c-7.273 1.091-9.864 3.182-9.318 6.455.909 5.364 18.046 4.773 18.591.273.455-3.864-6.409-7.136-9.273-6.727z"
          fill="#b8937f"
        />
        <path
          d="M44.636 50.818c-1.227 4.455 9.864 3.773 9.591.909-.136-1.682-1.636-3.818-5.591-3.727-1.545.045-3.455.727-4 2.818z"
        />
        <path
          d="M45 58.045c-.409.182-1.091 4.636 1 4.864 1.409.136 5.273.591 6.182 0 1.773-1.136 1.591-3.864.591-4.545-1.682-1.091-7.318-.545-7.773-.318zM33.455 24.682c15.182 1.773 13.136 17.591 7.273 22.727-10.909 9.546-22.273 0-21-9.636 1.182-9.273 9.046-13.636 13.727-13.091z"
          fill="#e0dedc"
        />
        <path
          d="M37.636 38.318a5.182 5.182 0 1 1-10.364 0 5.182 5.182 0 0 1 10.364 0z"
          fill="#111212"
        />
        <path
          d="M35.455 36.091a1.636 1.636 0 1 1-3.272 0 1.636 1.636 0 0 1 3.272 0z"
          fill="#fff"
        />
        <path
          d="M88 84.864c5 .046 2.546-10.682-.546-8.546-1.5 1.046-1.773 3.454-1.773 5.5 0 1.136.909 3 2.318 3.046zM10.591 84.864c-5 .046-2.546-10.682.546-8.546 1.5 1.046 1.773 3.454 1.773 5.5 0 1.136-.909 3-2.318 3.046zM78.5 117.818c-2.727-4.046-5.182-.909-9.136 1.091-1.864.954 3.091 4.364 8.636 1.818 1.454-.682 1.409-1.591.5-2.909zM20.091 118.273c2.727-4.046 5.182-.909 9.136 1.091 1.864.954-3.091 4.364-8.636 1.818-1.454-.682-1.409-1.591-.5-2.909z"
          fill="#b8937f"
        />
        <path
          d="M85.727 21.364c-.273.954.954.818 1.409 3.773.182 1.091 4.091-1.591 2.5-3.546-1.318-1.636-3.682-1.182-3.909-.227zM12.864 21.364c.273.954-.954.818-1.409 3.773-.182 1.091-4.091-1.591-2.5-3.546 1.273-1.636 3.636-1.182 3.909-.227z"
          fill="#3c89bf"
        />
      </svg>
    </div>
    <div
      className="bb b--white-50 bb-ns b--white-50 DevIconColumn__DevIconContainer-kCjOSG pa3 pa4-l flex justify-center items-center dAXxdM"
      style={undefined}
    >
      <svg
        className="hvr-grow"
        height="75%"
        viewBox="0 0 128 128"
        width="75%"
      >
        <path
          d="M112.678 30.334L68.535 4.729c-2.781-1.584-6.424-1.584-9.227 0L14.82 30.334C11.951 31.985 10 35.088 10 38.407v51.142c0 3.319 1.992 6.423 4.862 8.083l11.729 6.688c5.627 2.772 7.186 2.772 9.746 2.772 8.334 0 12.662-5.039 12.662-13.828v-50.49C49 42.061 49.445 41 48.744 41h-5.622C42.41 41 41 42.061 41 42.773v50.49c0 3.896-3.616 7.773-10.202 4.48L18.676 90.73c-.422-.23-.676-.693-.676-1.181V38.407c0-.482.463-.966.891-1.213l44.378-25.561a1.508 1.508 0 0 1 1.415 0l43.963 25.555c.421.253.354.722.354 1.219v51.142c0 .488.092.963-.323 1.198l-44.133 25.576c-.378.227-.87.227-1.285 0l-11.317-6.749c-.341-.198-.752-.269-1.08-.086-3.145 1.783-3.729 2.02-6.679 3.043-.727.253-1.799.692.408 1.929l14.798 8.754a9.29 9.29 0 0 0 4.647 1.246 9.303 9.303 0 0 0 4.666-1.246l43.976-25.582c2.871-1.672 4.322-4.764 4.322-8.083V38.407c-.001-3.319-1.452-6.414-4.323-8.073zM77.727 81.445c-11.727 0-14.309-3.235-15.17-9.066-.102-.628-.634-1.379-1.274-1.379h-5.73c-.709 0-1.28.86-1.28 1.566 0 7.466 4.06 16.512 23.454 16.512 14.038 0 22.088-5.455 22.088-15.109 0-9.572-6.467-12.084-20.082-13.886-13.762-1.819-15.16-2.738-15.16-5.962 0-2.658 1.184-6.203 11.374-6.203 9.104 0 12.46 1.954 13.841 8.091.119.577.646.991 1.241.991h5.754c.354 0 .691-.143.939-.396.241-.272.367-.613.336-.979-.893-10.569-7.913-15.494-22.112-15.494-12.632 0-20.166 5.334-20.166 14.275 0 9.698 7.497 12.378 19.622 13.577 14.505 1.422 15.633 3.542 15.633 6.395 0 4.956-3.978 7.067-13.308 7.067z"
          fill="#83CD29"
        />
      </svg>
    </div>
    <div
      className="bb b--white-50 bb-ns b--white-50 DevIconColumn__DevIconContainer-kCjOSG pa3 pa4-l flex justify-center items-center dAXxdM"
      style={undefined}
    >
      <svg
        className="hvr-grow"
        height="75%"
        viewBox="0 0 128 128"
        width="75%"
      >
        <g
          fill="none"
        >
          <path
            d="M63.458.036C31.042.036 33.066 14.15 33.066 14.15l.036 14.62h30.934v4.39h-43.22S.073 30.799.073 63.635s18.104 31.672 18.104 31.672h10.806V80.068S28.4 61.892 46.797 61.892H77.48s17.238.28 17.238-16.725V17.052S97.335.036 63.458.036zM46.401 9.87a5.549 5.549 0 0 1 3.937 1.634 5.593 5.593 0 0 1 1.628 3.952 5.593 5.593 0 0 1-1.628 3.952 5.549 5.549 0 0 1-3.937 1.635 5.549 5.549 0 0 1-3.937-1.635 5.593 5.593 0 0 1-1.628-3.952 5.593 5.593 0 0 1 1.628-3.952 5.549 5.549 0 0 1 3.937-1.634z"
            fill="#387EB8"
          />
          <path
            d="M64.379 127.561c32.415 0 30.391-14.112 30.391-14.112l-.035-14.621H63.8v-4.39h43.22s20.743 2.362 20.743-30.475c0-32.836-18.105-31.671-18.105-31.671H98.853v15.237s.583 18.176-17.816 18.176h-30.68s-17.238-.28-17.238 16.725v28.116s-2.617 17.015 31.259 17.015zm17.056-9.831a5.549 5.549 0 0 1-3.936-1.635 5.593 5.593 0 0 1-1.628-3.952 5.593 5.593 0 0 1 1.628-3.952 5.549 5.549 0 0 1 3.937-1.635 5.549 5.549 0 0 1 3.936 1.635 5.593 5.593 0 0 1 1.629 3.952 5.593 5.593 0 0 1-1.629 3.952 5.549 5.549 0 0 1-3.936 1.634z"
            fill="#FFCA39"
          />
        </g>
      </svg>
    </div>
    <div
      className="bb b--white-50 DevIconColumn__DevIconContainer-kCjOSG pa3 pa4-l flex justify-center items-center dAXxdM"
      style={undefined}
    >
      <svg
        className="hvr-grow"
        height="75%"
        viewBox="0 0 128 128"
        width="75%"
      >
        <path
          d="M63.999 0C28.711 0 0 28.712 0 64.001c0 35.292 28.712 64.002 63.999 64.002 35.289 0 64.001-28.71 64.001-64.002C128 28.712 99.288 0 63.999 0z"
          fill="#fff"
        />
        <path
          d="M61.659 65.151a276.97 276.97 0 0 0-1.867 4.136c-2.322 5.262-4.895 11.665-5.834 15.767-.337 1.461-.547 3.272-.542 5.279 0 .794.042 1.629.11 2.478a30.606 30.606 0 0 0 10.533 1.876 30.701 30.701 0 0 0 9.642-1.572 18.012 18.012 0 0 1-2.011-2.129c-4.11-5.241-6.403-12.922-10.031-25.837zM46.485 39.112c-7.849 5.532-12.986 14.656-13.005 24.996.02 10.186 5.002 19.192 12.654 24.746 1.877-7.819 6.582-14.977 13.637-29.328a116.137 116.137 0 0 0-1.431-3.734c-1.955-4.903-4.776-10.597-7.293-13.175-1.283-1.347-2.841-2.511-4.562-3.505z"
          fill="#91dc47"
        />
        <path
          d="M90.697 99.183c-4.05-.507-7.392-1.12-10.317-2.151a36.592 36.592 0 0 1-16.321 3.822c-20.292 0-36.742-16.447-36.744-36.745 0-11.014 4.852-20.886 12.528-27.62-2.053-.496-4.194-.785-6.381-.782-10.781.102-22.162 6.068-26.899 22.181-.443 2.346-.338 4.119-.338 6.221 0 31.942 25.895 57.838 57.836 57.838 19.561 0 36.841-9.719 47.305-24.584-5.66 1.41-11.103 2.085-15.764 2.1-1.747 0-3.387-.094-4.906-.279z"
          fill="#63b132"
        />
        <path
          d="M79.829 87.977c.357.177 1.166.466 2.293.785 7.579-5.564 12.504-14.525 12.523-24.654h-.003C94.614 47.222 80.949 33.56 64.06 33.527c-3.357.007-6.582.56-9.602 1.561 6.209 7.078 9.195 17.193 12.084 28.258l.005.013c.005.009.924 3.073 2.501 7.137 1.566 4.059 3.797 9.084 6.23 12.746 1.597 2.454 3.355 4.218 4.551 4.735z"
          fill="#90b4fe"
        />
        <path
          d="M64.061 6.271c-19.372 0-36.508 9.537-47.004 24.159 5.462-3.421 11.04-4.655 15.907-4.611 6.723.02 12.008 2.104 14.544 3.53.612.353 1.194.733 1.764 1.123a36.591 36.591 0 0 1 14.787-3.107c20.294.003 36.746 16.45 36.749 36.744h-.003c0 10.232-4.185 19.483-10.931 26.145 1.656.186 3.422.301 5.225.292 6.406.003 13.329-1.41 18.52-5.776 3.385-2.851 6.22-7.025 7.793-13.284.308-2.418.484-4.875.484-7.376 0-31.941-25.893-57.839-57.836-57.839z"
          fill="#5881d8"
        />
      </svg>
    </div>
    <div
      className="ProfileDevIcons__DevIconLabel-dFHCnQ moon-gray flex items-center justify-start hJYBwG"
    >
      frontend
    </div>
    <div
      className="bb-ns b--white-50 DevIconColumn__DevIconContainer-kCjOSG pa3 pa4-l flex justify-center items-center dAXxdM"
      style={undefined}
    >
      <svg
        className="hvr-grow"
        height="75%"
        viewBox="0 0 128 128"
        width="75%"
      >
        <g
          fill="#61DAFB"
        >
          <circle
            cx={64}
            cy={64}
            r={11.4}
          />
          <path
            d="M107.3 45.2c-2.2-.8-4.5-1.6-6.9-2.3.6-2.4 1.1-4.8 1.5-7.1 2.1-13.2-.2-22.5-6.6-26.1-1.9-1.1-4-1.6-6.4-1.6-7 0-15.9 5.2-24.9 13.9-9-8.7-17.9-13.9-24.9-13.9-2.4 0-4.5.5-6.4 1.6-6.4 3.7-8.7 13-6.6 26.1.4 2.3.9 4.7 1.5 7.1-2.4.7-4.7 1.4-6.9 2.3C8.2 50 1.4 56.6 1.4 64s6.9 14 19.3 18.8c2.2.8 4.5 1.6 6.9 2.3-.6 2.4-1.1 4.8-1.5 7.1-2.1 13.2.2 22.5 6.6 26.1 1.9 1.1 4 1.6 6.4 1.6 7.1 0 16-5.2 24.9-13.9 9 8.7 17.9 13.9 24.9 13.9 2.4 0 4.5-.5 6.4-1.6 6.4-3.7 8.7-13 6.6-26.1-.4-2.3-.9-4.7-1.5-7.1 2.4-.7 4.7-1.4 6.9-2.3 12.5-4.8 19.3-11.4 19.3-18.8s-6.8-14-19.3-18.8zM92.5 14.7c4.1 2.4 5.5 9.8 3.8 20.3-.3 2.1-.8 4.3-1.4 6.6-5.2-1.2-10.7-2-16.5-2.5-3.4-4.8-6.9-9.1-10.4-13 7.4-7.3 14.9-12.3 21-12.3 1.3 0 2.5.3 3.5.9zM81.3 74c-1.8 3.2-3.9 6.4-6.1 9.6-3.7.3-7.4.4-11.2.4-3.9 0-7.6-.1-11.2-.4-2.2-3.2-4.2-6.4-6-9.6-1.9-3.3-3.7-6.7-5.3-10 1.6-3.3 3.4-6.7 5.3-10 1.8-3.2 3.9-6.4 6.1-9.6 3.7-.3 7.4-.4 11.2-.4 3.9 0 7.6.1 11.2.4 2.2 3.2 4.2 6.4 6 9.6 1.9 3.3 3.7 6.7 5.3 10-1.7 3.3-3.4 6.6-5.3 10zm8.3-3.3c1.5 3.5 2.7 6.9 3.8 10.3-3.4.8-7 1.4-10.8 1.9 1.2-1.9 2.5-3.9 3.6-6 1.2-2.1 2.3-4.2 3.4-6.2zM64 97.8c-2.4-2.6-4.7-5.4-6.9-8.3 2.3.1 4.6.2 6.9.2 2.3 0 4.6-.1 6.9-.2-2.2 2.9-4.5 5.7-6.9 8.3zm-18.6-15c-3.8-.5-7.4-1.1-10.8-1.9 1.1-3.3 2.3-6.8 3.8-10.3 1.1 2 2.2 4.1 3.4 6.1 1.2 2.2 2.4 4.1 3.6 6.1zm-7-25.5c-1.5-3.5-2.7-6.9-3.8-10.3 3.4-.8 7-1.4 10.8-1.9-1.2 1.9-2.5 3.9-3.6 6-1.2 2.1-2.3 4.2-3.4 6.2zM64 30.2c2.4 2.6 4.7 5.4 6.9 8.3-2.3-.1-4.6-.2-6.9-.2-2.3 0-4.6.1-6.9.2 2.2-2.9 4.5-5.7 6.9-8.3zm22.2 21l-3.6-6c3.8.5 7.4 1.1 10.8 1.9-1.1 3.3-2.3 6.8-3.8 10.3-1.1-2.1-2.2-4.2-3.4-6.2zM31.7 35c-1.7-10.5-.3-17.9 3.8-20.3 1-.6 2.2-.9 3.5-.9 6 0 13.5 4.9 21 12.3-3.5 3.8-7 8.2-10.4 13-5.8.5-11.3 1.4-16.5 2.5-.6-2.3-1-4.5-1.4-6.6zM7 64c0-4.7 5.7-9.7 15.7-13.4 2-.8 4.2-1.5 6.4-2.1 1.6 5 3.6 10.3 6 15.6-2.4 5.3-4.5 10.5-6 15.5C15.3 75.6 7 69.6 7 64zm28.5 49.3c-4.1-2.4-5.5-9.8-3.8-20.3.3-2.1.8-4.3 1.4-6.6 5.2 1.2 10.7 2 16.5 2.5 3.4 4.8 6.9 9.1 10.4 13-7.4 7.3-14.9 12.3-21 12.3-1.3 0-2.5-.3-3.5-.9zM96.3 93c1.7 10.5.3 17.9-3.8 20.3-1 .6-2.2.9-3.5.9-6 0-13.5-4.9-21-12.3 3.5-3.8 7-8.2 10.4-13 5.8-.5 11.3-1.4 16.5-2.5.6 2.3 1 4.5 1.4 6.6zm9-15.6c-2 .8-4.2 1.5-6.4 2.1-1.6-5-3.6-10.3-6-15.6 2.4-5.3 4.5-10.5 6-15.5 13.8 4 22.1 10 22.1 15.6 0 4.7-5.8 9.7-15.7 13.4z"
          />
        </g>
      </svg>
    </div>
    <div
      className="bb-ns b--white-50 DevIconColumn__DevIconContainer-kCjOSG pa3 pa4-l flex justify-center items-center dAXxdM"
      style={undefined}
    >
      <svg
        className="hvr-grow"
        height="75%"
        viewBox="0 0 134 128"
        width="75%"
      >
        <path
          d="M93.052 89.04c4.956-.513 8.716-4.785 8.545-9.912s-4.443-9.229-9.57-9.229h-.342c-5.298.171-9.399 4.614-9.228 9.912.171 2.564 1.196 4.785 2.734 6.323-5.811 11.451-14.697 19.825-28.027 26.832-9.057 4.785-18.457 6.494-27.856 5.298-7.69-1.025-13.672-4.444-17.431-10.083-5.469-8.374-5.981-17.432-1.367-26.49 3.247-6.494 8.374-11.279 11.621-13.672-.684-2.222-1.709-5.982-2.222-8.716-24.78 17.945-22.216 42.213-14.697 53.663 5.64 8.545 17.09 13.843 29.736 13.843 3.418 0 6.836-.342 10.254-1.196 21.875-4.272 38.452-17.261 47.851-36.573zm30.078-21.192c-12.988-15.21-32.129-23.584-54.003-23.584h-2.734c-1.538-3.076-4.785-5.127-8.374-5.127h-.342c-5.298.171-9.399 4.614-9.228 9.912.171 5.127 4.443 9.229 9.57 9.229h.342c3.76-.171 7.007-2.563 8.374-5.811h3.076c12.988 0 25.293 3.76 36.401 11.109 8.545 5.64 14.697 12.989 18.115 21.876 2.905 7.178 2.734 14.185-.342 20.166-4.785 9.058-12.817 14.014-23.413 14.014-6.836 0-13.33-2.051-16.748-3.589-1.88 1.709-5.298 4.444-7.69 6.153 7.349 3.418 14.868 5.298 22.046 5.298 16.406 0 28.54-9.058 33.154-18.116 4.956-9.912 4.614-27.003-8.203-41.529zM36.315 91.945c.171 5.127 4.443 9.229 9.57 9.229h.342c5.298-.171 9.399-4.614 9.228-9.912-.171-5.127-4.443-9.229-9.57-9.229h-.342c-.342 0-.855 0-1.196.171-7.007-11.621-9.912-24.268-8.887-37.94.684-10.254 4.102-19.141 10.083-26.49 4.956-6.323 14.526-9.4 21.02-9.57 18.115-.342 25.805 22.217 26.318 31.275 2.222.513 5.981 1.709 8.545 2.563C99.375 14.356 82.286 0 65.88 0 50.499 0 36.315 11.109 30.675 27.515c-7.861 21.876-2.734 42.897 6.836 59.474-.855 1.196-1.367 3.076-1.196 4.956z"
          fill="#764abc"
        />
      </svg>
    </div>
    <div
      className="bb-ns b--white-50 DevIconColumn__DevIconContainer-kCjOSG pa3 pa4-l flex justify-center items-center dAXxdM"
      style={undefined}
    >
      <svg
        className="hvr-grow"
        height="75%"
        viewBox="0 0 114 128"
        width="75%"
      >
        <path
          d="M67.811 14.65a11.44 11.44 0 0 0 .471-3.257C68.282 5.092 63.189 0 56.888 0S45.494 5.093 45.494 11.393c0 1.126.163 2.213.466 3.24L19.666 29.814a11.47 11.47 0 0 0-2.573-2.033c-5.452-3.134-12.438-1.273-15.572 4.179S.248 44.398 5.7 47.532c.973.559 1.996.96 3.036 1.209v30.366c-1.029.25-2.04.648-3.003 1.202-5.452 3.167-7.313 10.12-4.179 15.572s10.088 7.313 15.572 4.179a11.477 11.477 0 0 0 2.55-2.009l26.28 15.173a11.43 11.43 0 0 0-.461 3.224c0 6.301 5.093 11.394 11.394 11.394s11.394-5.125 11.394-11.394c0-1.255-.202-2.462-.576-3.591l26.127-15.085c.79.887 1.733 1.663 2.818 2.287 5.452 3.134 12.438 1.273 15.572-4.179 3.167-5.452 1.306-12.406-4.179-15.572a11.422 11.422 0 0 0-3.003-1.201V48.74a11.404 11.404 0 0 0 3.036-1.209c5.452-3.167 7.313-10.12 4.179-15.572-3.167-5.452-10.12-7.313-15.572-4.179a11.5 11.5 0 0 0-2.586 2.046L67.812 14.649zm-2.738 4.677l26.35 15.214a11.379 11.379 0 0 0 1.083 8.814 11.333 11.333 0 0 0 7.117 5.361V79.12c-.148.036-.295.076-.441.118L64.767 19.632c.104-.099.206-.201.306-.304zm-16.055.31L14.604 79.242a13.479 13.479 0 0 0-.449-.121V48.714a11.333 11.333 0 0 0 7.117-5.361 11.376 11.376 0 0 0 1.078-8.831l26.342-15.209c.106.11.215.218.325.323zm11.054 2.701L94.478 81.93a11.422 11.422 0 0 0-3.207 5.561H22.505a11.425 11.425 0 0 0-1.202-3.003 11.441 11.441 0 0 0-2.003-2.544l34.413-59.603c1.007.291 2.072.447 3.174.447 1.105 0 2.173-.157 3.184-.449zm5.243 86.434a11.363 11.363 0 0 0-8.426-3.718 11.36 11.36 0 0 0-8.208 3.485L22.374 93.35c.042-.146.082-.293.118-.441h68.791c.062.251.132.501.21.747l-26.179 15.115z"
          fill="#e535ab"
        />
      </svg>
    </div>
    <div
      className="bb b--white-50 bb-ns b--white-50 DevIconColumn__DevIconContainer-kCjOSG pa3 pa4-l flex justify-center items-center dAXxdM"
      style={undefined}
    >
      <svg
        className="hvr-grow"
        height="75%"
        viewBox="0 0 116 128"
        width="75%"
      >
        <path
          d="M108.539 62.961c0-6.574-5.329-11.903-11.903-11.903-.423 0-.84.023-1.251.066l16.348-48.217H42.258l16.325 48.175c-.239-.014-.48-.024-.723-.024-6.574 0-11.903 5.329-11.903 11.903 0 5.314 3.482 9.812 8.289 11.343-2.539 4.397-5.733 8.358-9.359 11.779-4.931 4.652-10.575 8.18-16.679 10.353-7.268-3.733-10.7-12.037-7.603-19.316.35-.822.706-1.655 1.048-2.485 5.265-1.229 9.188-5.949 9.188-11.588 0-6.574-5.329-11.903-11.903-11.903S7.035 56.473 7.035 63.047c0 4.031 2.006 7.591 5.072 9.745C9.161 79.5 4.83 86.52 3.481 94.656c-1.617 9.751-.005 20.101 8.428 25.947 19.641 13.612 40.96-8.439 63.439-13.982 8.146-2.009 17.089-1.685 24.266-5.842 5.39-3.122 8.943-8.295 9.952-14.103.996-5.738-.456-11.451-3.796-16.083a11.855 11.855 0 0 0 2.768-7.629zm-38.776.042l.001-.042c0-4.317-2.299-8.097-5.738-10.184L77.02 26.503l13.016 26.553a11.891 11.891 0 0 0-5.303 9.905c0 .087.005.172.007.259l-14.977-.217z"
          fill="#c63d14"
        />
        <path
          d="M111.445 62.961c0-7.23-5.209-13.263-12.071-14.551L115.787 0H38.203l16.438 48.508c-6.623 1.474-11.591 7.393-11.591 14.453 0 5.302 2.802 9.96 7.002 12.577a49.607 49.607 0 0 1-7.16 8.43c-4.353 4.107-9.203 7.221-14.431 9.27-5.266-3.308-7.492-9.546-5.18-14.981l.181-.425.34-.8c5.784-2.017 9.947-7.523 9.947-13.986 0-8.166-6.644-14.809-14.81-14.809S4.13 54.88 4.13 63.046c0 4.122 1.694 7.854 4.42 10.542a244.286 244.286 0 0 1-1.548 3.222C4.509 81.931 1.683 87.734.615 94.179c-2.123 12.799 1.301 23.031 9.64 28.811 5.06 3.507 10.199 4.887 15.37 4.886 9.737-.001 19.587-4.892 29.221-9.677 6.939-3.446 14.113-7.01 21.2-8.757 2.637-.65 5.35-1.042 8.223-1.456 5.696-.822 11.587-1.671 16.805-4.693 6.048-3.503 10.188-9.379 11.358-16.122 1.005-5.788-.205-11.585-3.155-16.501a14.725 14.725 0 0 0 2.17-7.709zm-5.813 0c0 4.96-4.035 8.996-8.996 8.996s-8.996-4.036-8.996-8.996 4.036-8.996 8.996-8.996c4.961 0 8.996 4.035 8.996 8.996zm2.046-57.147L93.184 48.562a14.73 14.73 0 0 0-1.835.569L77.031 19.923 62.672 48.959c-.62-.214-1.259-.39-1.914-.52L46.314 5.815h61.365zM57.861 53.965c4.96 0 8.996 4.035 8.996 8.996s-4.035 8.996-8.996 8.996c-4.96 0-8.996-4.036-8.996-8.996s4.036-8.996 8.996-8.996zm-38.922.086c4.961 0 8.996 4.035 8.996 8.996s-4.035 8.996-8.996 8.996c-4.96 0-8.996-4.036-8.996-8.996s4.036-8.996 8.996-8.996zm87.763 32.126c-.875 5.042-3.99 9.447-8.544 12.085-4.246 2.459-9.334 3.193-14.721 3.97-2.886.416-5.87.847-8.785 1.566-7.708 1.9-15.174 5.609-22.394 9.195-14.449 7.177-26.927 13.374-38.693 5.219-8.618-5.973-8.22-17.025-7.216-23.081.93-5.611 3.446-10.778 5.879-15.776.421-.865.83-1.712 1.231-2.554a14.7 14.7 0 0 0 3.827.961c-2.476 8.174 1.418 17.06 9.593 21.26l1.119.575 1.185-.422c6.462-2.301 12.417-5.995 17.699-10.978a55.156 55.156 0 0 0 8.761-10.592c.724.109 1.464.166 2.218.166 8.166 0 14.81-6.643 14.81-14.81 0-4.392-1.924-8.341-4.97-11.056l9.307-18.821 9.402 19.18c-2.821 2.698-4.584 6.495-4.584 10.697 0 8.167 6.643 14.81 14.809 14.81 3.138 0 6.048-.983 8.445-2.654 1.665 3.407 2.284 7.241 1.621 11.059z"
          fill="#fff"
        />
      </svg>
    </div>
    <div
      className="bb b--white-50 bb-ns b--white-50 DevIconColumn__DevIconContainer-kCjOSG pa3 pa4-l flex justify-center items-center dAXxdM"
      style={undefined}
    >
      <svg
        className="hvr-grow"
        height="75%"
        viewBox="0 0 1024 1024"
        width="75%"
      >
        <path
          d="M512 .462C229.485.462.462 229.485.462 512S229.485 1023.538 512 1023.538 1023.538 794.515 1023.538 512 794.515.462 512 .462z"
          fill="#744c9e"
        />
        <path
          d="M601.902 903.579L120.421 422.098C161.247 243.536 321.058 110.315 512 110.315c133.473 0 251.711 65.116 324.759 165.284l-55.615 49.076C721.895 239.708 623.448 184.093 512 184.093c-141.891 0-262.723 90.129-308.392 216.257l420.05 420.05c102.006-36.94 180.459-123.048 206.739-229.695H656.283v-78.697h257.41c0 190.934-133.221 350.754-311.783 391.579l-.008-.008zM110.382 517.33L506.67 913.618c-217.608-2.837-393.451-178.68-396.288-396.288z"
          fill="#fff"
        />
      </svg>
    </div>
    <div
      className="bb b--white-50 DevIconColumn__DevIconContainer-kCjOSG pa3 pa4-l flex justify-center items-center dAXxdM"
      style={undefined}
    >
      <svg
        className="hvr-grow"
        height="75%"
        viewBox="0 0 964 1024"
        width="75%"
      >
        <path
          d="M.375 171.378L474.007 2.625l486.382 165.753-78.751 626.635-407.631 225.753L72.751 798.013.375 171.378z"
          fill="#e23237"
        />
        <path
          d="M960.39 168.378L474.008 2.625v1018.141l407.631-225.378 78.751-627.01z"
          fill="#b52e31"
        />
        <path
          d="M474.757 121.502l-295.13 656.635 110.252-1.875 59.251-148.127h264.754l64.876 150.002 105.377 1.875-309.38-658.51zm.75 210.378l99.752 208.503H387.756l87.751-208.503z"
          fill="#fff"
        />
      </svg>
    </div>
  </div>,
]
`;
