// Jest Snapshot v1, https://goo.gl/fbAQLP

exports[`renders correctly 1`] = `
<img
  className="br-100 flex justify-center mv2 pa0 shadow-6"
  src="test-file-stub"
/>
`;
